Archive member included to satisfy reference by file (symbol)

../hello_world_small_bsp/\libhal_bsp.a(alt_load.o)
                              ../hello_world_small_bsp//obj/HAL/src/crt0.o (alt_load)
../hello_world_small_bsp/\libhal_bsp.a(alt_main.o)
                              ../hello_world_small_bsp//obj/HAL/src/crt0.o (alt_main)
../hello_world_small_bsp/\libhal_bsp.a(alt_putstr.o)
                              obj/default/hello_world_small.o (alt_putstr)
../hello_world_small_bsp/\libhal_bsp.a(alt_sys_init.o)
                              ../hello_world_small_bsp/\libhal_bsp.a(alt_main.o) (alt_irq_init)
../hello_world_small_bsp/\libhal_bsp.a(altera_avalon_jtag_uart_write.o)
                              ../hello_world_small_bsp/\libhal_bsp.a(alt_putstr.o) (altera_avalon_jtag_uart_write)
../hello_world_small_bsp/\libhal_bsp.a(alt_dcache_flush_all.o)
                              ../hello_world_small_bsp/\libhal_bsp.a(alt_load.o) (alt_dcache_flush_all)
../hello_world_small_bsp/\libhal_bsp.a(alt_icache_flush_all.o)
                              ../hello_world_small_bsp/\libhal_bsp.a(alt_load.o) (alt_icache_flush_all)
../hello_world_small_bsp/\libhal_bsp.a(altera_nios2_qsys_irq.o)
                              ../hello_world_small_bsp/\libhal_bsp.a(alt_sys_init.o) (altera_nios2_qsys_irq_init)
c:/altera/14.1/nios2eds/bin/gnu/h-x86_64-mingw32/bin/../lib/gcc/nios2-elf/4.8.3/../../../../../H-x86_64-mingw32/nios2-elf/lib/mno-hw-mul\libsmallc.a(lib_a-strlen.o)
                              ../hello_world_small_bsp/\libhal_bsp.a(alt_putstr.o) (strlen)

Memory Configuration

Name             Origin             Length             Attributes
reset            0x0000000000001000 0x0000000000000020
onchip           0x0000000000001020 0x0000000000000fe0
*default*        0x0000000000000000 0xffffffffffffffff

Linker script and memory map

LOAD ../hello_world_small_bsp//obj/HAL/src/crt0.o
LOAD obj/default/hello_world_small.o
LOAD c:/altera/14.1/nios2eds/bin/gnu/h-x86_64-mingw32/bin/../lib/gcc/nios2-elf/4.8.3/../../../../../H-x86_64-mingw32/nios2-elf/lib/mno-hw-mul\libstdc++.a
LOAD c:/altera/14.1/nios2eds/bin/gnu/h-x86_64-mingw32/bin/../lib/gcc/nios2-elf/4.8.3/../../../../../H-x86_64-mingw32/nios2-elf/lib/mno-hw-mul\libm.a
LOAD c:/altera/14.1/nios2eds/bin/gnu/h-x86_64-mingw32/bin/../lib/gcc/nios2-elf/4.8.3/mno-hw-mul\libgcc.a
START GROUP
LOAD c:/altera/14.1/nios2eds/bin/gnu/h-x86_64-mingw32/bin/../lib/gcc/nios2-elf/4.8.3/../../../../../H-x86_64-mingw32/nios2-elf/lib/mno-hw-mul\libsmallc.a
LOAD c:/altera/14.1/nios2eds/bin/gnu/h-x86_64-mingw32/bin/../lib/gcc/nios2-elf/4.8.3/mno-hw-mul\libgcc.a
LOAD ../hello_world_small_bsp/\libhal_bsp.a
END GROUP
LOAD c:/altera/14.1/nios2eds/bin/gnu/h-x86_64-mingw32/bin/../lib/gcc/nios2-elf/4.8.3/mno-hw-mul\libgcc.a
                0x0000000000001000                __alt_mem_onchip = 0x1000

.entry          0x0000000000001000       0x20
 *(.entry)
 .entry         0x0000000000001000       0x20 ../hello_world_small_bsp//obj/HAL/src/crt0.o
                0x0000000000001000                __reset
                0x000000000000100c                _exit

.exceptions     0x0000000000001020        0x0
                0x0000000000001020                PROVIDE (__ram_exceptions_start, ABSOLUTE (.))
                0x0000000000001020                . = ALIGN (0x20)
 *(.irq)
 *(.exceptions.entry.label)
 *(.exceptions.entry.user)
 *(.exceptions.entry.ecc_fatal)
 *(.exceptions.entry)
 *(.exceptions.irqtest.user)
 *(.exceptions.irqtest)
 *(.exceptions.irqhandler.user)
 *(.exceptions.irqhandler)
 *(.exceptions.irqreturn.user)
 *(.exceptions.irqreturn)
 *(.exceptions.notirq.label)
 *(.exceptions.notirq.user)
 *(.exceptions.notirq)
 *(.exceptions.soft.user)
 *(.exceptions.soft)
 *(.exceptions.unknown.user)
 *(.exceptions.unknown)
 *(.exceptions.exit.label)
 *(.exceptions.exit.user)
 *(.exceptions.exit)
 *(.exceptions)
                0x0000000000001020                PROVIDE (__ram_exceptions_end, ABSOLUTE (.))
                0x0000000000001020                PROVIDE (__flash_exceptions_start, LOADADDR (.exceptions))

.text           0x0000000000001020      0x234
                0x0000000000001020                PROVIDE (stext, ABSOLUTE (.))
 *(.interp)
 *(.hash)
 *(.dynsym)
 *(.dynstr)
 *(.gnu.version)
 *(.gnu.version_d)
 *(.gnu.version_r)
 *(.rel.init)
 *(.rela.init)
 *(.rel.text .rel.text.* .rel.gnu.linkonce.t.*)
 *(.rela.text .rela.text.* .rela.gnu.linkonce.t.*)
 *(.rel.fini)
 *(.rela.fini)
 *(.rel.rodata .rel.rodata.* .rel.gnu.linkonce.r.*)
 *(.rela.rodata .rela.rodata.* .rela.gnu.linkonce.r.*)
 *(.rel.data .rel.data.* .rel.gnu.linkonce.d.*)
 *(.rela.data .rela.data.* .rela.gnu.linkonce.d.*)
 *(.rel.tdata .rel.tdata.* .rel.gnu.linkonce.td.*)
 *(.rela.tdata .rela.tdata.* .rela.gnu.linkonce.td.*)
 *(.rel.tbss .rel.tbss.* .rel.gnu.linkonce.tb.*)
 *(.rela.tbss .rela.tbss.* .rela.gnu.linkonce.tb.*)
 *(.rel.ctors)
 *(.rela.ctors)
 *(.rel.dtors)
 *(.rela.dtors)
 *(.rel.got)
 *(.rela.got)
 *(.rel.sdata .rel.sdata.* .rel.gnu.linkonce.s.*)
 *(.rela.sdata .rela.sdata.* .rela.gnu.linkonce.s.*)
 *(.rel.sbss .rel.sbss.* .rel.gnu.linkonce.sb.*)
 *(.rela.sbss .rela.sbss.* .rela.gnu.linkonce.sb.*)
 *(.rel.sdata2 .rel.sdata2.* .rel.gnu.linkonce.s2.*)
 *(.rela.sdata2 .rela.sdata2.* .rela.gnu.linkonce.s2.*)
 *(.rel.sbss2 .rel.sbss2.* .rel.gnu.linkonce.sb2.*)
 *(.rela.sbss2 .rela.sbss2.* .rela.gnu.linkonce.sb2.*)
 *(.rel.bss .rel.bss.* .rel.gnu.linkonce.b.*)
 *(.rela.bss .rela.bss.* .rela.gnu.linkonce.b.*)
 *(.rel.plt)
 *(.rela.plt)
 *(.rel.dyn)
 *(.init)
 *(.plt)
 *(.text .stub .text.* .gnu.linkonce.t.*)
 .text          0x0000000000001020       0x3c ../hello_world_small_bsp//obj/HAL/src/crt0.o
                0x0000000000001020                _start
 .text          0x000000000000105c        0x0 obj/default/hello_world_small.o
 .text.startup  0x000000000000105c       0x18 obj/default/hello_world_small.o
                0x000000000000105c                main
 .text          0x0000000000001074       0xf8 ../hello_world_small_bsp/\libhal_bsp.a(alt_load.o)
                0x0000000000001074                alt_load
 .text          0x000000000000116c       0x2c ../hello_world_small_bsp/\libhal_bsp.a(alt_main.o)
                0x000000000000116c                alt_main
 .text          0x0000000000001198       0x38 ../hello_world_small_bsp/\libhal_bsp.a(alt_putstr.o)
                0x0000000000001198                alt_putstr
 .text          0x00000000000011d0       0x24 ../hello_world_small_bsp/\libhal_bsp.a(alt_sys_init.o)
                0x00000000000011d0                alt_irq_init
                0x00000000000011f0                alt_sys_init
 .text          0x00000000000011f4       0x34 ../hello_world_small_bsp/\libhal_bsp.a(altera_avalon_jtag_uart_write.o)
                0x00000000000011f4                altera_avalon_jtag_uart_write
 .text          0x0000000000001228        0x4 ../hello_world_small_bsp/\libhal_bsp.a(alt_dcache_flush_all.o)
                0x0000000000001228                alt_dcache_flush_all
 .text          0x000000000000122c        0x4 ../hello_world_small_bsp/\libhal_bsp.a(alt_icache_flush_all.o)
                0x000000000000122c                alt_icache_flush_all
 .text          0x0000000000001230        0x8 ../hello_world_small_bsp/\libhal_bsp.a(altera_nios2_qsys_irq.o)
                0x0000000000001230                altera_nios2_qsys_irq_init
 .text          0x0000000000001238       0x1c c:/altera/14.1/nios2eds/bin/gnu/h-x86_64-mingw32/bin/../lib/gcc/nios2-elf/4.8.3/../../../../../H-x86_64-mingw32/nios2-elf/lib/mno-hw-mul\libsmallc.a(lib_a-strlen.o)
                0x0000000000001238                strlen
 *(.gnu.warning.*)
 *(.fini)
                0x0000000000001254                PROVIDE (__etext, ABSOLUTE (.))
                0x0000000000001254                PROVIDE (_etext, ABSOLUTE (.))
                0x0000000000001254                PROVIDE (etext, ABSOLUTE (.))
 *(.eh_frame_hdr)
                0x0000000000001254                . = ALIGN (0x4)
                0x0000000000001254                PROVIDE (__preinit_array_start, ABSOLUTE (.))
 *(.preinit_array)
                0x0000000000001254                PROVIDE (__preinit_array_end, ABSOLUTE (.))
                0x0000000000001254                PROVIDE (__init_array_start, ABSOLUTE (.))
 *(.init_array)
                0x0000000000001254                PROVIDE (__init_array_end, ABSOLUTE (.))
                0x0000000000001254                PROVIDE (__fini_array_start, ABSOLUTE (.))
 *(.fini_array)
                0x0000000000001254                PROVIDE (__fini_array_end, ABSOLUTE (.))
 *(.eh_frame)
 *(.gcc_except_table .gcc_except_table.*)
 *(.dynamic)
                0x0000000000001254                PROVIDE (__CTOR_LIST__, ABSOLUTE (.))
 *(.ctors)
 *(SORT(.ctors.*))
                0x0000000000001254                PROVIDE (__CTOR_END__, ABSOLUTE (.))
                0x0000000000001254                PROVIDE (__DTOR_LIST__, ABSOLUTE (.))
 *(.dtors)
 *(SORT(.dtors.*))
                0x0000000000001254                PROVIDE (__DTOR_END__, ABSOLUTE (.))
 *(.jcr)
                0x0000000000001254                . = ALIGN (0x4)

.rodata         0x0000000000001254       0x18
                0x0000000000001254                PROVIDE (__ram_rodata_start, ABSOLUTE (.))
                0x0000000000001254                . = ALIGN (0x4)
 *(.rodata .rodata.* .gnu.linkonce.r.*)
 .rodata.str1.4
                0x0000000000001254       0x18 obj/default/hello_world_small.o
 *(.rodata1)
                0x000000000000126c                . = ALIGN (0x4)
                0x000000000000126c                PROVIDE (__ram_rodata_end, ABSOLUTE (.))
                0x0000000000001254                PROVIDE (__flash_rodata_start, LOADADDR (.rodata))

.rwdata         0x000000000000126c        0x4 load address 0x0000000000001270
                0x000000000000126c                PROVIDE (__ram_rwdata_start, ABSOLUTE (.))
                0x000000000000126c                . = ALIGN (0x4)
 *(.got.plt)
 *(.got)
 *(.data1)
 *(.data .data.* .gnu.linkonce.d.*)
 .data          0x000000000000126c        0x0 ../hello_world_small_bsp//obj/HAL/src/crt0.o
 .data          0x000000000000126c        0x0 obj/default/hello_world_small.o
 .data          0x000000000000126c        0x0 ../hello_world_small_bsp/\libhal_bsp.a(alt_load.o)
 .data          0x000000000000126c        0x0 ../hello_world_small_bsp/\libhal_bsp.a(alt_main.o)
 .data          0x000000000000126c        0x0 ../hello_world_small_bsp/\libhal_bsp.a(alt_putstr.o)
 .data          0x000000000000126c        0x0 ../hello_world_small_bsp/\libhal_bsp.a(alt_sys_init.o)
 .data          0x000000000000126c        0x0 ../hello_world_small_bsp/\libhal_bsp.a(altera_avalon_jtag_uart_write.o)
 .data          0x000000000000126c        0x0 ../hello_world_small_bsp/\libhal_bsp.a(alt_dcache_flush_all.o)
 .data          0x000000000000126c        0x0 ../hello_world_small_bsp/\libhal_bsp.a(alt_icache_flush_all.o)
 .data          0x000000000000126c        0x0 ../hello_world_small_bsp/\libhal_bsp.a(altera_nios2_qsys_irq.o)
 .data          0x000000000000126c        0x0 c:/altera/14.1/nios2eds/bin/gnu/h-x86_64-mingw32/bin/../lib/gcc/nios2-elf/4.8.3/../../../../../H-x86_64-mingw32/nios2-elf/lib/mno-hw-mul\libsmallc.a(lib_a-strlen.o)
                0x000000000000926c                _gp = ABSOLUTE ((. + 0x8000))
                0x000000000000926c                PROVIDE (gp, _gp)
 *(.rwdata .rwdata.*)
 *(.sdata .sdata.* .gnu.linkonce.s.*)
 .sdata         0x000000000000126c        0x4 ../hello_world_small_bsp/\libhal_bsp.a(alt_sys_init.o)
                0x000000000000126c                jtag_uart
 *(.sdata2 .sdata2.* .gnu.linkonce.s2.*)
                0x0000000000001270                . = ALIGN (0x4)
                0x0000000000001270                _edata = ABSOLUTE (.)
                0x0000000000001270                PROVIDE (edata, ABSOLUTE (.))
                0x0000000000001270                PROVIDE (__ram_rwdata_end, ABSOLUTE (.))
                0x0000000000001270                PROVIDE (__flash_rwdata_start, LOADADDR (.rwdata))

.bss            0x0000000000001274        0xc
                0x0000000000001274                __bss_start = ABSOLUTE (.)
                0x0000000000001274                PROVIDE (__sbss_start, ABSOLUTE (.))
                0x0000000000001274                PROVIDE (___sbss_start, ABSOLUTE (.))
 *(.dynsbss)
 *(.sbss .sbss.* .gnu.linkonce.sb.*)
 .sbss          0x0000000000001274        0xc ../hello_world_small_bsp/\libhal_bsp.a(alt_main.o)
                0x0000000000001274                alt_envp
                0x0000000000001278                alt_argv
                0x000000000000127c                alt_argc
 *(.sbss2 .sbss2.* .gnu.linkonce.sb2.*)
 *(.scommon)
                0x0000000000001280                PROVIDE (__sbss_end, ABSOLUTE (.))
                0x0000000000001280                PROVIDE (___sbss_end, ABSOLUTE (.))
 *(.dynbss)
 *(.bss .bss.* .gnu.linkonce.b.*)
 .bss           0x0000000000001280        0x0 ../hello_world_small_bsp//obj/HAL/src/crt0.o
 .bss           0x0000000000001280        0x0 obj/default/hello_world_small.o
 .bss           0x0000000000001280        0x0 ../hello_world_small_bsp/\libhal_bsp.a(alt_load.o)
 .bss           0x0000000000001280        0x0 ../hello_world_small_bsp/\libhal_bsp.a(alt_main.o)
 .bss           0x0000000000001280        0x0 ../hello_world_small_bsp/\libhal_bsp.a(alt_putstr.o)
 .bss           0x0000000000001280        0x0 ../hello_world_small_bsp/\libhal_bsp.a(alt_sys_init.o)
 .bss           0x0000000000001280        0x0 ../hello_world_small_bsp/\libhal_bsp.a(altera_avalon_jtag_uart_write.o)
 .bss           0x0000000000001280        0x0 ../hello_world_small_bsp/\libhal_bsp.a(alt_dcache_flush_all.o)
 .bss           0x0000000000001280        0x0 ../hello_world_small_bsp/\libhal_bsp.a(alt_icache_flush_all.o)
 .bss           0x0000000000001280        0x0 ../hello_world_small_bsp/\libhal_bsp.a(altera_nios2_qsys_irq.o)
 .bss           0x0000000000001280        0x0 c:/altera/14.1/nios2eds/bin/gnu/h-x86_64-mingw32/bin/../lib/gcc/nios2-elf/4.8.3/../../../../../H-x86_64-mingw32/nios2-elf/lib/mno-hw-mul\libsmallc.a(lib_a-strlen.o)
 *(COMMON)
                0x0000000000001280                . = ALIGN (0x4)
                0x0000000000001280                __bss_end = ABSOLUTE (.)

.onchip         0x0000000000001280        0x0
                0x0000000000001280                PROVIDE (_alt_partition_onchip_start, ABSOLUTE (.))
 *(.onchip .onchip. onchip.*)
                0x0000000000001280                . = ALIGN (0x4)
                0x0000000000001280                PROVIDE (_alt_partition_onchip_end, ABSOLUTE (.))
                0x0000000000001280                _end = ABSOLUTE (.)
                0x0000000000001280                end = ABSOLUTE (.)
                0x0000000000001280                __alt_stack_base = ABSOLUTE (.)
                0x0000000000001280                PROVIDE (_alt_partition_onchip_load_addr, LOADADDR (.onchip))

.stab
 *(.stab)

.stabstr
 *(.stabstr)

.stab.excl
 *(.stab.excl)

.stab.exclstr
 *(.stab.exclstr)

.stab.index
 *(.stab.index)

.stab.indexstr
 *(.stab.indexstr)

.comment        0x0000000000000000       0x39
 *(.comment)
 .comment       0x0000000000000000       0x39 obj/default/hello_world_small.o
                                         0x3a (size before relaxing)
 .comment       0x0000000000000000       0x3a ../hello_world_small_bsp/\libhal_bsp.a(alt_load.o)
 .comment       0x0000000000000000       0x3a ../hello_world_small_bsp/\libhal_bsp.a(alt_main.o)
 .comment       0x0000000000000000       0x3a ../hello_world_small_bsp/\libhal_bsp.a(alt_putstr.o)
 .comment       0x0000000000000000       0x3a ../hello_world_small_bsp/\libhal_bsp.a(alt_sys_init.o)
 .comment       0x0000000000000000       0x3a ../hello_world_small_bsp/\libhal_bsp.a(altera_avalon_jtag_uart_write.o)
 .comment       0x0000000000000000       0x3a ../hello_world_small_bsp/\libhal_bsp.a(alt_dcache_flush_all.o)
 .comment       0x0000000000000000       0x3a ../hello_world_small_bsp/\libhal_bsp.a(alt_icache_flush_all.o)
 .comment       0x0000000000000000       0x3a ../hello_world_small_bsp/\libhal_bsp.a(altera_nios2_qsys_irq.o)
 .comment       0x0000000000000000       0x3a c:/altera/14.1/nios2eds/bin/gnu/h-x86_64-mingw32/bin/../lib/gcc/nios2-elf/4.8.3/../../../../../H-x86_64-mingw32/nios2-elf/lib/mno-hw-mul\libsmallc.a(lib_a-strlen.o)

.debug
 *(.debug)

.line
 *(.line)

.debug_srcinfo
 *(.debug_srcinfo)

.debug_sfnames
 *(.debug_sfnames)

.debug_aranges  0x0000000000000000      0x168
 *(.debug_aranges)
 .debug_aranges
                0x0000000000000000       0x28 ../hello_world_small_bsp//obj/HAL/src/crt0.o
 .debug_aranges
                0x0000000000000028       0x20 obj/default/hello_world_small.o
 .debug_aranges
                0x0000000000000048       0x20 ../hello_world_small_bsp/\libhal_bsp.a(alt_load.o)
 .debug_aranges
                0x0000000000000068       0x20 ../hello_world_small_bsp/\libhal_bsp.a(alt_main.o)
 .debug_aranges
                0x0000000000000088       0x20 ../hello_world_small_bsp/\libhal_bsp.a(alt_putstr.o)
 .debug_aranges
                0x00000000000000a8       0x20 ../hello_world_small_bsp/\libhal_bsp.a(alt_sys_init.o)
 .debug_aranges
                0x00000000000000c8       0x20 ../hello_world_small_bsp/\libhal_bsp.a(altera_avalon_jtag_uart_write.o)
 .debug_aranges
                0x00000000000000e8       0x20 ../hello_world_small_bsp/\libhal_bsp.a(alt_dcache_flush_all.o)
 .debug_aranges
                0x0000000000000108       0x20 ../hello_world_small_bsp/\libhal_bsp.a(alt_icache_flush_all.o)
 .debug_aranges
                0x0000000000000128       0x20 ../hello_world_small_bsp/\libhal_bsp.a(altera_nios2_qsys_irq.o)
 .debug_aranges
                0x0000000000000148       0x20 c:/altera/14.1/nios2eds/bin/gnu/h-x86_64-mingw32/bin/../lib/gcc/nios2-elf/4.8.3/../../../../../H-x86_64-mingw32/nios2-elf/lib/mno-hw-mul\libsmallc.a(lib_a-strlen.o)

.debug_pubnames
 *(.debug_pubnames)

.debug_info     0x0000000000000000      0xb32
 *(.debug_info .gnu.linkonce.wi.*)
 .debug_info    0x0000000000000000       0x9a ../hello_world_small_bsp//obj/HAL/src/crt0.o
 .debug_info    0x000000000000009a       0x81 obj/default/hello_world_small.o
 .debug_info    0x000000000000011b      0x1d2 ../hello_world_small_bsp/\libhal_bsp.a(alt_load.o)
 .debug_info    0x00000000000002ed      0x17b ../hello_world_small_bsp/\libhal_bsp.a(alt_main.o)
 .debug_info    0x0000000000000468      0x15d ../hello_world_small_bsp/\libhal_bsp.a(alt_putstr.o)
 .debug_info    0x00000000000005c5      0x17a ../hello_world_small_bsp/\libhal_bsp.a(alt_sys_init.o)
 .debug_info    0x000000000000073f      0x190 ../hello_world_small_bsp/\libhal_bsp.a(altera_avalon_jtag_uart_write.o)
 .debug_info    0x00000000000008cf       0x8b ../hello_world_small_bsp/\libhal_bsp.a(alt_dcache_flush_all.o)
 .debug_info    0x000000000000095a       0x8b ../hello_world_small_bsp/\libhal_bsp.a(alt_icache_flush_all.o)
 .debug_info    0x00000000000009e5       0x8b ../hello_world_small_bsp/\libhal_bsp.a(altera_nios2_qsys_irq.o)
 .debug_info    0x0000000000000a70       0xc2 c:/altera/14.1/nios2eds/bin/gnu/h-x86_64-mingw32/bin/../lib/gcc/nios2-elf/4.8.3/../../../../../H-x86_64-mingw32/nios2-elf/lib/mno-hw-mul\libsmallc.a(lib_a-strlen.o)

.debug_abbrev   0x0000000000000000      0x69b
 *(.debug_abbrev)
 .debug_abbrev  0x0000000000000000       0x12 ../hello_world_small_bsp//obj/HAL/src/crt0.o
 .debug_abbrev  0x0000000000000012       0x87 obj/default/hello_world_small.o
 .debug_abbrev  0x0000000000000099       0xe1 ../hello_world_small_bsp/\libhal_bsp.a(alt_load.o)
 .debug_abbrev  0x000000000000017a      0x120 ../hello_world_small_bsp/\libhal_bsp.a(alt_main.o)
 .debug_abbrev  0x000000000000029a       0xe2 ../hello_world_small_bsp/\libhal_bsp.a(alt_putstr.o)
 .debug_abbrev  0x000000000000037c      0x105 ../hello_world_small_bsp/\libhal_bsp.a(alt_sys_init.o)
 .debug_abbrev  0x0000000000000481       0xd5 ../hello_world_small_bsp/\libhal_bsp.a(altera_avalon_jtag_uart_write.o)
 .debug_abbrev  0x0000000000000556       0x42 ../hello_world_small_bsp/\libhal_bsp.a(alt_dcache_flush_all.o)
 .debug_abbrev  0x0000000000000598       0x42 ../hello_world_small_bsp/\libhal_bsp.a(alt_icache_flush_all.o)
 .debug_abbrev  0x00000000000005da       0x42 ../hello_world_small_bsp/\libhal_bsp.a(altera_nios2_qsys_irq.o)
 .debug_abbrev  0x000000000000061c       0x7f c:/altera/14.1/nios2eds/bin/gnu/h-x86_64-mingw32/bin/../lib/gcc/nios2-elf/4.8.3/../../../../../H-x86_64-mingw32/nios2-elf/lib/mno-hw-mul\libsmallc.a(lib_a-strlen.o)

.debug_line     0x0000000000000000      0x792
 *(.debug_line)
 .debug_line    0x0000000000000000       0x66 ../hello_world_small_bsp//obj/HAL/src/crt0.o
 .debug_line    0x0000000000000066       0x7c obj/default/hello_world_small.o
 .debug_line    0x00000000000000e2       0xa6 ../hello_world_small_bsp/\libhal_bsp.a(alt_load.o)
 .debug_line    0x0000000000000188       0xbd ../hello_world_small_bsp/\libhal_bsp.a(alt_main.o)
 .debug_line    0x0000000000000245       0xf5 ../hello_world_small_bsp/\libhal_bsp.a(alt_putstr.o)
 .debug_line    0x000000000000033a      0x101 ../hello_world_small_bsp/\libhal_bsp.a(alt_sys_init.o)
 .debug_line    0x000000000000043b       0xf4 ../hello_world_small_bsp/\libhal_bsp.a(altera_avalon_jtag_uart_write.o)
 .debug_line    0x000000000000052f       0x4e ../hello_world_small_bsp/\libhal_bsp.a(alt_dcache_flush_all.o)
 .debug_line    0x000000000000057d       0x4e ../hello_world_small_bsp/\libhal_bsp.a(alt_icache_flush_all.o)
 .debug_line    0x00000000000005cb       0x50 ../hello_world_small_bsp/\libhal_bsp.a(altera_nios2_qsys_irq.o)
 .debug_line    0x000000000000061b      0x177 c:/altera/14.1/nios2eds/bin/gnu/h-x86_64-mingw32/bin/../lib/gcc/nios2-elf/4.8.3/../../../../../H-x86_64-mingw32/nios2-elf/lib/mno-hw-mul\libsmallc.a(lib_a-strlen.o)

.debug_frame    0x0000000000000000      0x190
 *(.debug_frame)
 .debug_frame   0x0000000000000000       0x28 obj/default/hello_world_small.o
 .debug_frame   0x0000000000000028       0x30 ../hello_world_small_bsp/\libhal_bsp.a(alt_load.o)
 .debug_frame   0x0000000000000058       0x2c ../hello_world_small_bsp/\libhal_bsp.a(alt_main.o)
 .debug_frame   0x0000000000000084       0x30 ../hello_world_small_bsp/\libhal_bsp.a(alt_putstr.o)
 .debug_frame   0x00000000000000b4       0x3c ../hello_world_small_bsp/\libhal_bsp.a(alt_sys_init.o)
 .debug_frame   0x00000000000000f0       0x20 ../hello_world_small_bsp/\libhal_bsp.a(altera_avalon_jtag_uart_write.o)
 .debug_frame   0x0000000000000110       0x20 ../hello_world_small_bsp/\libhal_bsp.a(alt_dcache_flush_all.o)
 .debug_frame   0x0000000000000130       0x20 ../hello_world_small_bsp/\libhal_bsp.a(alt_icache_flush_all.o)
 .debug_frame   0x0000000000000150       0x20 ../hello_world_small_bsp/\libhal_bsp.a(altera_nios2_qsys_irq.o)
 .debug_frame   0x0000000000000170       0x20 c:/altera/14.1/nios2eds/bin/gnu/h-x86_64-mingw32/bin/../lib/gcc/nios2-elf/4.8.3/../../../../../H-x86_64-mingw32/nios2-elf/lib/mno-hw-mul\libsmallc.a(lib_a-strlen.o)

.debug_str      0x0000000000000000      0x5e8
 *(.debug_str)
 .debug_str     0x0000000000000000       0xcf obj/default/hello_world_small.o
                                         0xd9 (size before relaxing)
 .debug_str     0x00000000000000cf      0x1da ../hello_world_small_bsp/\libhal_bsp.a(alt_load.o)
                                        0x261 (size before relaxing)
 .debug_str     0x00000000000002a9       0x8f ../hello_world_small_bsp/\libhal_bsp.a(alt_main.o)
                                        0x1da (size before relaxing)
 .debug_str     0x0000000000000338       0x6b ../hello_world_small_bsp/\libhal_bsp.a(alt_putstr.o)
                                        0x1bc (size before relaxing)
 .debug_str     0x00000000000003a3       0x86 ../hello_world_small_bsp/\libhal_bsp.a(alt_sys_init.o)
                                        0x249 (size before relaxing)
 .debug_str     0x0000000000000429       0x3f ../hello_world_small_bsp/\libhal_bsp.a(altera_avalon_jtag_uart_write.o)
                                        0x23a (size before relaxing)
 .debug_str     0x0000000000000468       0x1f ../hello_world_small_bsp/\libhal_bsp.a(alt_dcache_flush_all.o)
                                        0x17a (size before relaxing)
 .debug_str     0x0000000000000487       0x1f ../hello_world_small_bsp/\libhal_bsp.a(alt_icache_flush_all.o)
                                        0x17a (size before relaxing)
 .debug_str     0x00000000000004a6       0x20 ../hello_world_small_bsp/\libhal_bsp.a(altera_nios2_qsys_irq.o)
                                        0x181 (size before relaxing)
 .debug_str     0x00000000000004c6      0x122 c:/altera/14.1/nios2eds/bin/gnu/h-x86_64-mingw32/bin/../lib/gcc/nios2-elf/4.8.3/../../../../../H-x86_64-mingw32/nios2-elf/lib/mno-hw-mul\libsmallc.a(lib_a-strlen.o)
                                        0x1c8 (size before relaxing)

.debug_loc      0x0000000000000000      0x18e
 *(.debug_loc)
 .debug_loc     0x0000000000000000       0x8d ../hello_world_small_bsp/\libhal_bsp.a(alt_load.o)
 .debug_loc     0x000000000000008d       0x37 ../hello_world_small_bsp/\libhal_bsp.a(alt_putstr.o)
 .debug_loc     0x00000000000000c4       0x21 ../hello_world_small_bsp/\libhal_bsp.a(alt_sys_init.o)
 .debug_loc     0x00000000000000e5       0x8b ../hello_world_small_bsp/\libhal_bsp.a(altera_avalon_jtag_uart_write.o)
 .debug_loc     0x0000000000000170       0x1e c:/altera/14.1/nios2eds/bin/gnu/h-x86_64-mingw32/bin/../lib/gcc/nios2-elf/4.8.3/../../../../../H-x86_64-mingw32/nios2-elf/lib/mno-hw-mul\libsmallc.a(lib_a-strlen.o)

.debug_macinfo
 *(.debug_macinfo)

.debug_weaknames
 *(.debug_weaknames)

.debug_funcnames
 *(.debug_funcnames)

.debug_typenames
 *(.debug_typenames)

.debug_varnames
 *(.debug_varnames)

.debug_alt_sim_info
                0x0000000000000000       0x10
 *(.debug_alt_sim_info)
 .debug_alt_sim_info
                0x0000000000000000       0x10 ../hello_world_small_bsp//obj/HAL/src/crt0.o
                0x0000000000002000                __alt_data_end = 0x2000
                0x0000000000002000                PROVIDE (__alt_stack_pointer, __alt_data_end)
                0x0000000000001280                PROVIDE (__alt_stack_limit, __alt_stack_base)
                0x0000000000001280                PROVIDE (__alt_heap_start, end)
                0x0000000000002000                PROVIDE (__alt_heap_limit, 0x2000)
OUTPUT(hello_world_small.elf elf32-littlenios2)

.debug_ranges   0x0000000000000000       0x78
 .debug_ranges  0x0000000000000000       0x20 ../hello_world_small_bsp//obj/HAL/src/crt0.o
 .debug_ranges  0x0000000000000020       0x10 obj/default/hello_world_small.o
 .debug_ranges  0x0000000000000030       0x48 ../hello_world_small_bsp/\libhal_bsp.a(alt_load.o)
